-- This file and its contents are licensed under the Timescale License.
-- Please see the included NOTICE for copyright information and
-- LICENSE-TIMESCALE for a copy of the license.
---------------------------------------------------
-- Test compression on a distributed hypertable
---------------------------------------------------
\c :TEST_DBNAME :ROLE_CLUSTER_SUPERUSER
SET client_min_messages TO ERROR;
DROP DATABASE IF EXISTS data_node_1;
DROP DATABASE IF EXISTS data_node_2;
DROP DATABASE IF EXISTS data_node_3;
\ir include/remote_exec.sql
-- This file and its contents are licensed under the Timescale License.
-- Please see the included NOTICE for copyright information and
-- LICENSE-TIMESCALE for a copy of the license.
CREATE SCHEMA IF NOT EXISTS test;
GRANT USAGE ON SCHEMA test TO PUBLIC;
CREATE OR REPLACE FUNCTION test.remote_exec(srv_name name[], command text)
RETURNS VOID
AS :TSL_MODULE_PATHNAME, 'ts_remote_exec'
LANGUAGE C;
SELECT * FROM add_data_node('data_node_1', host => 'localhost',
                            database => 'data_node_1');
  node_name  |   host    | port  |  database   | node_created | database_created | extension_created 
-------------+-----------+-------+-------------+--------------+------------------+-------------------
 data_node_1 | localhost | 15432 | data_node_1 | t            | t                | t
(1 row)

SELECT * FROM add_data_node('data_node_2', host => 'localhost',
                            database => 'data_node_2');
  node_name  |   host    | port  |  database   | node_created | database_created | extension_created 
-------------+-----------+-------+-------------+--------------+------------------+-------------------
 data_node_2 | localhost | 15432 | data_node_2 | t            | t                | t
(1 row)

SELECT * FROM add_data_node('data_node_3', host => 'localhost',
                            database => 'data_node_3');
  node_name  |   host    | port  |  database   | node_created | database_created | extension_created 
-------------+-----------+-------+-------------+--------------+------------------+-------------------
 data_node_3 | localhost | 15432 | data_node_3 | t            | t                | t
(1 row)

GRANT USAGE ON FOREIGN SERVER data_node_1, data_node_2, data_node_3 TO :ROLE_1;
SET client_min_messages TO NOTICE;
SET ROLE :ROLE_1;
SELECT setseed(1);
 setseed 
---------
 
(1 row)

CREATE TABLE compressed(time timestamptz, device int, temp float);
-- Replicate twice to see that compress_chunk compresses all replica chunks
SELECT create_distributed_hypertable('compressed', 'time', 'device', replication_factor => 2);
NOTICE:  adding not-null constraint to column "time"
 create_distributed_hypertable 
-------------------------------
 (1,public,compressed,t)
(1 row)

INSERT INTO compressed SELECT t, (abs(timestamp_hash(t::timestamp)) % 10) + 1, random()*80
FROM generate_series('2018-03-02 1:00'::TIMESTAMPTZ, '2018-03-04 1:00', '1 hour') t;
ALTER TABLE compressed SET (timescaledb.compress, timescaledb.compress_segmentby='device', timescaledb.compress_orderby = 'time DESC');
SELECT test.remote_exec(NULL, $$
SELECT table_name, compressed_hypertable_id
FROM _timescaledb_catalog.hypertable
WHERE table_name = 'compressed';
$$);
NOTICE:  [data_node_1]: 
SELECT table_name, compressed_hypertable_id
FROM _timescaledb_catalog.hypertable
WHERE table_name = 'compressed'
NOTICE:  [data_node_1]:
table_name|compressed_hypertable_id
----------+------------------------
compressed|                       2
(1 row)


NOTICE:  [data_node_2]: 
SELECT table_name, compressed_hypertable_id
FROM _timescaledb_catalog.hypertable
WHERE table_name = 'compressed'
NOTICE:  [data_node_2]:
table_name|compressed_hypertable_id
----------+------------------------
compressed|                       2
(1 row)


NOTICE:  [data_node_3]: 
SELECT table_name, compressed_hypertable_id
FROM _timescaledb_catalog.hypertable
WHERE table_name = 'compressed'
NOTICE:  [data_node_3]:
table_name|compressed_hypertable_id
----------+------------------------
compressed|                       2
(1 row)


 remote_exec 
-------------
 
(1 row)

-- There should be no compressed chunks
SELECT test.remote_exec(NULL, $$
SELECT * FROM timescaledb_information.compressed_chunk_stats
WHERE hypertable_name = 'compressed'::regclass
ORDER BY hypertable_name, chunk_name;
$$);
NOTICE:  [data_node_1]: 
SELECT * FROM timescaledb_information.compressed_chunk_stats
WHERE hypertable_name = 'compressed'::regclass
ORDER BY hypertable_name, chunk_name
NOTICE:  [data_node_1]:
hypertable_name|chunk_name                                 |compression_status|uncompressed_heap_bytes|uncompressed_index_bytes|uncompressed_toast_bytes|uncompressed_total_bytes|compressed_heap_bytes|compressed_index_bytes|compressed_toast_bytes|compressed_total_bytes
---------------+-------------------------------------------+------------------+-----------------------+------------------------+------------------------+------------------------+---------------------+----------------------+----------------------+----------------------
compressed     |_timescaledb_internal._hyper_1_1_dist_chunk|Uncompressed      |                       |                        |                        |                        |                     |                      |                      |                      
compressed     |_timescaledb_internal._hyper_1_3_dist_chunk|Uncompressed      |                       |                        |                        |                        |                     |                      |                      |                      
(2 rows)


NOTICE:  [data_node_2]: 
SELECT * FROM timescaledb_information.compressed_chunk_stats
WHERE hypertable_name = 'compressed'::regclass
ORDER BY hypertable_name, chunk_name
NOTICE:  [data_node_2]:
hypertable_name|chunk_name                                 |compression_status|uncompressed_heap_bytes|uncompressed_index_bytes|uncompressed_toast_bytes|uncompressed_total_bytes|compressed_heap_bytes|compressed_index_bytes|compressed_toast_bytes|compressed_total_bytes
---------------+-------------------------------------------+------------------+-----------------------+------------------------+------------------------+------------------------+---------------------+----------------------+----------------------+----------------------
compressed     |_timescaledb_internal._hyper_1_1_dist_chunk|Uncompressed      |                       |                        |                        |                        |                     |                      |                      |                      
compressed     |_timescaledb_internal._hyper_1_2_dist_chunk|Uncompressed      |                       |                        |                        |                        |                     |                      |                      |                      
(2 rows)


NOTICE:  [data_node_3]: 
SELECT * FROM timescaledb_information.compressed_chunk_stats
WHERE hypertable_name = 'compressed'::regclass
ORDER BY hypertable_name, chunk_name
NOTICE:  [data_node_3]:
hypertable_name|chunk_name                                 |compression_status|uncompressed_heap_bytes|uncompressed_index_bytes|uncompressed_toast_bytes|uncompressed_total_bytes|compressed_heap_bytes|compressed_index_bytes|compressed_toast_bytes|compressed_total_bytes
---------------+-------------------------------------------+------------------+-----------------------+------------------------+------------------------+------------------------+---------------------+----------------------+----------------------+----------------------
compressed     |_timescaledb_internal._hyper_1_2_dist_chunk|Uncompressed      |                       |                        |                        |                        |                     |                      |                      |                      
compressed     |_timescaledb_internal._hyper_1_3_dist_chunk|Uncompressed      |                       |                        |                        |                        |                     |                      |                      |                      
(2 rows)


 remote_exec 
-------------
 
(1 row)

-- Test that compression is rolled back on aborted transaction
BEGIN;
SELECT compress_chunk(chunk)
FROM show_chunks('compressed') AS chunk
ORDER BY chunk
LIMIT 1;
               compress_chunk                
---------------------------------------------
 _timescaledb_internal._hyper_1_1_dist_chunk
(1 row)

-- Data nodes should now report compressed chunks
SELECT test.remote_exec(NULL, $$
SELECT * FROM timescaledb_information.compressed_chunk_stats
WHERE hypertable_name = 'compressed'::regclass
ORDER BY hypertable_name, chunk_name;
$$);
NOTICE:  [data_node_1]: 
SELECT * FROM timescaledb_information.compressed_chunk_stats
WHERE hypertable_name = 'compressed'::regclass
ORDER BY hypertable_name, chunk_name
NOTICE:  [data_node_1]:
hypertable_name|chunk_name                                 |compression_status|uncompressed_heap_bytes|uncompressed_index_bytes|uncompressed_toast_bytes|uncompressed_total_bytes|compressed_heap_bytes|compressed_index_bytes|compressed_toast_bytes|compressed_total_bytes
---------------+-------------------------------------------+------------------+-----------------------+------------------------+------------------------+------------------------+---------------------+----------------------+----------------------+----------------------
compressed     |_timescaledb_internal._hyper_1_1_dist_chunk|Compressed        |8192 bytes             |32 kB                   |0 bytes                 |40 kB                   |8192 bytes           |16 kB                 |8192 bytes            |32 kB                 
compressed     |_timescaledb_internal._hyper_1_3_dist_chunk|Uncompressed      |                       |                        |                        |                        |                     |                      |                      |                      
(2 rows)


NOTICE:  [data_node_2]: 
SELECT * FROM timescaledb_information.compressed_chunk_stats
WHERE hypertable_name = 'compressed'::regclass
ORDER BY hypertable_name, chunk_name
NOTICE:  [data_node_2]:
hypertable_name|chunk_name                                 |compression_status|uncompressed_heap_bytes|uncompressed_index_bytes|uncompressed_toast_bytes|uncompressed_total_bytes|compressed_heap_bytes|compressed_index_bytes|compressed_toast_bytes|compressed_total_bytes
---------------+-------------------------------------------+------------------+-----------------------+------------------------+------------------------+------------------------+---------------------+----------------------+----------------------+----------------------
compressed     |_timescaledb_internal._hyper_1_1_dist_chunk|Compressed        |8192 bytes             |32 kB                   |0 bytes                 |40 kB                   |8192 bytes           |16 kB                 |8192 bytes            |32 kB                 
compressed     |_timescaledb_internal._hyper_1_2_dist_chunk|Uncompressed      |                       |                        |                        |                        |                     |                      |                      |                      
(2 rows)


NOTICE:  [data_node_3]: 
SELECT * FROM timescaledb_information.compressed_chunk_stats
WHERE hypertable_name = 'compressed'::regclass
ORDER BY hypertable_name, chunk_name
NOTICE:  [data_node_3]:
hypertable_name|chunk_name                                 |compression_status|uncompressed_heap_bytes|uncompressed_index_bytes|uncompressed_toast_bytes|uncompressed_total_bytes|compressed_heap_bytes|compressed_index_bytes|compressed_toast_bytes|compressed_total_bytes
---------------+-------------------------------------------+------------------+-----------------------+------------------------+------------------------+------------------------+---------------------+----------------------+----------------------+----------------------
compressed     |_timescaledb_internal._hyper_1_2_dist_chunk|Uncompressed      |                       |                        |                        |                        |                     |                      |                      |                      
compressed     |_timescaledb_internal._hyper_1_3_dist_chunk|Uncompressed      |                       |                        |                        |                        |                     |                      |                      |                      
(2 rows)


 remote_exec 
-------------
 
(1 row)

-- Abort the transaction
ROLLBACK;
-- No compressed chunks since we rolled back
SELECT test.remote_exec(NULL, $$
SELECT * FROM timescaledb_information.compressed_chunk_stats
WHERE hypertable_name = 'compressed'::regclass
ORDER BY hypertable_name, chunk_name;
$$);
NOTICE:  [data_node_1]: 
SELECT * FROM timescaledb_information.compressed_chunk_stats
WHERE hypertable_name = 'compressed'::regclass
ORDER BY hypertable_name, chunk_name
NOTICE:  [data_node_1]:
hypertable_name|chunk_name                                 |compression_status|uncompressed_heap_bytes|uncompressed_index_bytes|uncompressed_toast_bytes|uncompressed_total_bytes|compressed_heap_bytes|compressed_index_bytes|compressed_toast_bytes|compressed_total_bytes
---------------+-------------------------------------------+------------------+-----------------------+------------------------+------------------------+------------------------+---------------------+----------------------+----------------------+----------------------
compressed     |_timescaledb_internal._hyper_1_1_dist_chunk|Uncompressed      |                       |                        |                        |                        |                     |                      |                      |                      
compressed     |_timescaledb_internal._hyper_1_3_dist_chunk|Uncompressed      |                       |                        |                        |                        |                     |                      |                      |                      
(2 rows)


NOTICE:  [data_node_2]: 
SELECT * FROM timescaledb_information.compressed_chunk_stats
WHERE hypertable_name = 'compressed'::regclass
ORDER BY hypertable_name, chunk_name
NOTICE:  [data_node_2]:
hypertable_name|chunk_name                                 |compression_status|uncompressed_heap_bytes|uncompressed_index_bytes|uncompressed_toast_bytes|uncompressed_total_bytes|compressed_heap_bytes|compressed_index_bytes|compressed_toast_bytes|compressed_total_bytes
---------------+-------------------------------------------+------------------+-----------------------+------------------------+------------------------+------------------------+---------------------+----------------------+----------------------+----------------------
compressed     |_timescaledb_internal._hyper_1_1_dist_chunk|Uncompressed      |                       |                        |                        |                        |                     |                      |                      |                      
compressed     |_timescaledb_internal._hyper_1_2_dist_chunk|Uncompressed      |                       |                        |                        |                        |                     |                      |                      |                      
(2 rows)


NOTICE:  [data_node_3]: 
SELECT * FROM timescaledb_information.compressed_chunk_stats
WHERE hypertable_name = 'compressed'::regclass
ORDER BY hypertable_name, chunk_name
NOTICE:  [data_node_3]:
hypertable_name|chunk_name                                 |compression_status|uncompressed_heap_bytes|uncompressed_index_bytes|uncompressed_toast_bytes|uncompressed_total_bytes|compressed_heap_bytes|compressed_index_bytes|compressed_toast_bytes|compressed_total_bytes
---------------+-------------------------------------------+------------------+-----------------------+------------------------+------------------------+------------------------+---------------------+----------------------+----------------------+----------------------
compressed     |_timescaledb_internal._hyper_1_2_dist_chunk|Uncompressed      |                       |                        |                        |                        |                     |                      |                      |                      
compressed     |_timescaledb_internal._hyper_1_3_dist_chunk|Uncompressed      |                       |                        |                        |                        |                     |                      |                      |                      
(2 rows)


 remote_exec 
-------------
 
(1 row)

-- Compress for real this time
SELECT compress_chunk(chunk)
FROM show_chunks('compressed') AS chunk
ORDER BY chunk
LIMIT 1;
               compress_chunk                
---------------------------------------------
 _timescaledb_internal._hyper_1_1_dist_chunk
(1 row)

-- Check that one chunk, and its replica, is compressed
SELECT test.remote_exec(NULL, $$
SELECT * FROM timescaledb_information.compressed_chunk_stats
WHERE hypertable_name = 'compressed'::regclass
ORDER BY hypertable_name, chunk_name;
$$);
NOTICE:  [data_node_1]: 
SELECT * FROM timescaledb_information.compressed_chunk_stats
WHERE hypertable_name = 'compressed'::regclass
ORDER BY hypertable_name, chunk_name
NOTICE:  [data_node_1]:
hypertable_name|chunk_name                                 |compression_status|uncompressed_heap_bytes|uncompressed_index_bytes|uncompressed_toast_bytes|uncompressed_total_bytes|compressed_heap_bytes|compressed_index_bytes|compressed_toast_bytes|compressed_total_bytes
---------------+-------------------------------------------+------------------+-----------------------+------------------------+------------------------+------------------------+---------------------+----------------------+----------------------+----------------------
compressed     |_timescaledb_internal._hyper_1_1_dist_chunk|Compressed        |8192 bytes             |32 kB                   |0 bytes                 |40 kB                   |8192 bytes           |16 kB                 |8192 bytes            |32 kB                 
compressed     |_timescaledb_internal._hyper_1_3_dist_chunk|Uncompressed      |                       |                        |                        |                        |                     |                      |                      |                      
(2 rows)


NOTICE:  [data_node_2]: 
SELECT * FROM timescaledb_information.compressed_chunk_stats
WHERE hypertable_name = 'compressed'::regclass
ORDER BY hypertable_name, chunk_name
NOTICE:  [data_node_2]:
hypertable_name|chunk_name                                 |compression_status|uncompressed_heap_bytes|uncompressed_index_bytes|uncompressed_toast_bytes|uncompressed_total_bytes|compressed_heap_bytes|compressed_index_bytes|compressed_toast_bytes|compressed_total_bytes
---------------+-------------------------------------------+------------------+-----------------------+------------------------+------------------------+------------------------+---------------------+----------------------+----------------------+----------------------
compressed     |_timescaledb_internal._hyper_1_1_dist_chunk|Compressed        |8192 bytes             |32 kB                   |0 bytes                 |40 kB                   |8192 bytes           |16 kB                 |8192 bytes            |32 kB                 
compressed     |_timescaledb_internal._hyper_1_2_dist_chunk|Uncompressed      |                       |                        |                        |                        |                     |                      |                      |                      
(2 rows)


NOTICE:  [data_node_3]: 
SELECT * FROM timescaledb_information.compressed_chunk_stats
WHERE hypertable_name = 'compressed'::regclass
ORDER BY hypertable_name, chunk_name
NOTICE:  [data_node_3]:
hypertable_name|chunk_name                                 |compression_status|uncompressed_heap_bytes|uncompressed_index_bytes|uncompressed_toast_bytes|uncompressed_total_bytes|compressed_heap_bytes|compressed_index_bytes|compressed_toast_bytes|compressed_total_bytes
---------------+-------------------------------------------+------------------+-----------------------+------------------------+------------------------+------------------------+---------------------+----------------------+----------------------+----------------------
compressed     |_timescaledb_internal._hyper_1_2_dist_chunk|Uncompressed      |                       |                        |                        |                        |                     |                      |                      |                      
compressed     |_timescaledb_internal._hyper_1_3_dist_chunk|Uncompressed      |                       |                        |                        |                        |                     |                      |                      |                      
(2 rows)


 remote_exec 
-------------
 
(1 row)

-- Compress twice to generate NOTICE that the chunk is already compressed
SELECT compress_chunk(chunk, if_not_compressed => true)
FROM show_chunks('compressed') AS chunk
ORDER BY chunk
LIMIT 1;
NOTICE:  chunk "_hyper_1_1_dist_chunk" is already compressed
 compress_chunk 
----------------
 
(1 row)

-- Decompress the chunk and replica
SELECT decompress_chunk(chunk)
FROM show_chunks('compressed') AS chunk
ORDER BY chunk
LIMIT 1;
              decompress_chunk               
---------------------------------------------
 _timescaledb_internal._hyper_1_1_dist_chunk
(1 row)

-- Should now be decompressed
SELECT test.remote_exec(NULL, $$
SELECT * FROM timescaledb_information.compressed_chunk_stats
WHERE hypertable_name = 'compressed'::regclass
ORDER BY hypertable_name, chunk_name;
$$);
NOTICE:  [data_node_1]: 
SELECT * FROM timescaledb_information.compressed_chunk_stats
WHERE hypertable_name = 'compressed'::regclass
ORDER BY hypertable_name, chunk_name
NOTICE:  [data_node_1]:
hypertable_name|chunk_name                                 |compression_status|uncompressed_heap_bytes|uncompressed_index_bytes|uncompressed_toast_bytes|uncompressed_total_bytes|compressed_heap_bytes|compressed_index_bytes|compressed_toast_bytes|compressed_total_bytes
---------------+-------------------------------------------+------------------+-----------------------+------------------------+------------------------+------------------------+---------------------+----------------------+----------------------+----------------------
compressed     |_timescaledb_internal._hyper_1_1_dist_chunk|Uncompressed      |                       |                        |                        |                        |                     |                      |                      |                      
compressed     |_timescaledb_internal._hyper_1_3_dist_chunk|Uncompressed      |                       |                        |                        |                        |                     |                      |                      |                      
(2 rows)


NOTICE:  [data_node_2]: 
SELECT * FROM timescaledb_information.compressed_chunk_stats
WHERE hypertable_name = 'compressed'::regclass
ORDER BY hypertable_name, chunk_name
NOTICE:  [data_node_2]:
hypertable_name|chunk_name                                 |compression_status|uncompressed_heap_bytes|uncompressed_index_bytes|uncompressed_toast_bytes|uncompressed_total_bytes|compressed_heap_bytes|compressed_index_bytes|compressed_toast_bytes|compressed_total_bytes
---------------+-------------------------------------------+------------------+-----------------------+------------------------+------------------------+------------------------+---------------------+----------------------+----------------------+----------------------
compressed     |_timescaledb_internal._hyper_1_1_dist_chunk|Uncompressed      |                       |                        |                        |                        |                     |                      |                      |                      
compressed     |_timescaledb_internal._hyper_1_2_dist_chunk|Uncompressed      |                       |                        |                        |                        |                     |                      |                      |                      
(2 rows)


NOTICE:  [data_node_3]: 
SELECT * FROM timescaledb_information.compressed_chunk_stats
WHERE hypertable_name = 'compressed'::regclass
ORDER BY hypertable_name, chunk_name
NOTICE:  [data_node_3]:
hypertable_name|chunk_name                                 |compression_status|uncompressed_heap_bytes|uncompressed_index_bytes|uncompressed_toast_bytes|uncompressed_total_bytes|compressed_heap_bytes|compressed_index_bytes|compressed_toast_bytes|compressed_total_bytes
---------------+-------------------------------------------+------------------+-----------------------+------------------------+------------------------+------------------------+---------------------+----------------------+----------------------+----------------------
compressed     |_timescaledb_internal._hyper_1_2_dist_chunk|Uncompressed      |                       |                        |                        |                        |                     |                      |                      |                      
compressed     |_timescaledb_internal._hyper_1_3_dist_chunk|Uncompressed      |                       |                        |                        |                        |                     |                      |                      |                      
(2 rows)


 remote_exec 
-------------
 
(1 row)

-- Decompress twice to generate NOTICE that the chunk is already decompressed
SELECT decompress_chunk(chunk, if_compressed => true)
FROM show_chunks('compressed') AS chunk
ORDER BY chunk
LIMIT 1;
NOTICE:  chunk "_hyper_1_1_dist_chunk" is not compressed
 decompress_chunk 
------------------
 
(1 row)

